// Vitest Snapshot v1, https://vitest.dev/guide/snapshot.html

exports[`adaptiveProfile golden regressions: ranges > division tables > golden division tables at skill 50 2`] = `
[
  10,
  10,
  2,
  2,
  2,
  2,
  2,
  2,
  2,
  2,
  2,
  2,
  2,
  2,
  2,
  2,
  2,
  2,
  2,
  2,
  2,
  2,
  5,
  5,
  5,
  5,
  5,
  5,
  5,
  5,
  5,
  5,
  5,
  5,
  5,
  5,
  5,
  5,
  5,
  5,
  5,
  5,
  4,
  4,
  4,
  4,
  4,
  4,
  4,
  4,
  4,
  4,
  4,
  4,
  4,
  4,
  4,
  4,
  4,
  4,
  4,
  4,
  3,
  3,
  3,
  3,
  3,
  3,
  3,
  3,
  3,
  3,
  3,
  3,
  3,
  3,
  3,
  3,
  3,
  3,
  3,
  3,
  9,
  9,
  9,
  9,
  9,
  9,
  9,
  9,
  9,
  9,
  9,
  9,
  9,
  9,
  9,
  9,
  9,
  9,
  9,
  9,
  11,
  11,
  11,
  11,
  11,
  11,
  11,
  11,
  11,
  11,
  11,
  11,
  11,
  11,
  11,
  11,
  11,
  11,
  11,
  11,
  6,
  6,
  6,
  6,
  6,
  6,
  6,
  6,
  6,
]
`;

exports[`adaptiveProfile golden regressions: ranges > division tables > golden division tables at skill 100 2`] = `
[
  9,
  9,
  9,
  9,
  9,
  9,
  9,
  9,
  9,
  9,
  9,
  9,
  9,
  9,
  11,
  11,
  11,
  11,
  11,
  11,
  11,
  11,
  11,
  11,
  11,
  11,
  11,
  11,
  11,
  11,
  11,
  11,
  11,
  11,
  6,
  6,
  6,
  6,
  6,
  6,
  6,
  6,
  6,
  6,
  6,
  6,
  6,
  6,
  6,
  6,
  6,
  6,
  6,
  6,
  8,
  8,
  8,
  8,
  8,
  8,
  8,
  8,
  8,
  8,
  8,
  8,
  8,
  8,
  8,
  8,
  8,
  8,
  8,
  8,
  7,
  7,
  7,
  7,
  7,
  7,
  7,
  7,
  7,
  7,
  7,
  7,
  7,
  7,
  7,
  7,
  7,
  7,
  7,
  7,
  12,
  12,
  12,
  12,
  12,
  12,
  12,
  12,
  12,
  12,
  12,
  12,
  12,
  12,
  12,
  12,
  12,
  12,
  12,
  12,
  13,
  13,
  13,
  13,
  13,
  13,
  13,
  13,
  13,
  13,
  13,
  13,
  13,
  13,
  13,
  13,
  13,
  13,
  13,
  13,
  14,
  14,
  14,
  14,
  14,
  14,
  14,
  14,
  14,
  14,
  14,
  14,
  14,
  14,
  14,
  14,
  14,
  14,
  14,
  14,
]
`;

exports[`adaptiveProfile golden regressions: ranges > multiplication tables > golden multiplication tables at skill 25 1`] = `
[
  1,
  1,
  1,
  1,
  1,
  1,
  1,
  1,
  10,
  10,
  10,
  10,
  10,
  10,
  10,
  10,
  10,
  10,
  10,
  10,
  10,
  10,
  10,
  10,
  10,
  10,
  10,
  10,
  2,
  2,
  2,
  2,
  2,
  2,
  2,
  2,
  2,
  2,
  2,
  2,
  2,
  2,
  2,
  2,
  2,
  2,
  2,
  2,
  5,
  5,
  5,
  5,
  5,
  5,
  5,
  5,
  5,
  5,
  5,
  5,
  5,
  5,
  5,
  5,
  5,
  5,
  5,
  5,
  4,
  4,
  4,
  4,
  4,
  4,
  4,
  4,
  4,
  4,
  4,
  4,
  4,
  4,
  4,
  4,
  4,
  4,
  4,
  4,
  3,
  3,
  3,
  3,
  3,
  3,
  3,
  3,
  3,
]
`;

exports[`adaptiveProfile golden regressions: ranges > multiplication tables > golden multiplication tables at skill 50 1`] = `
[
  10,
  10,
  2,
  2,
  2,
  2,
  2,
  2,
  2,
  2,
  2,
  2,
  2,
  2,
  2,
  2,
  2,
  2,
  2,
  2,
  2,
  2,
  5,
  5,
  5,
  5,
  5,
  5,
  5,
  5,
  5,
  5,
  5,
  5,
  5,
  5,
  5,
  5,
  5,
  5,
  5,
  5,
  4,
  4,
  4,
  4,
  4,
  4,
  4,
  4,
  4,
  4,
  4,
  4,
  4,
  4,
  4,
  4,
  4,
  4,
  4,
  4,
  3,
  3,
  3,
  3,
  3,
  3,
  3,
  3,
  3,
  3,
  3,
  3,
  3,
  3,
  3,
  3,
  3,
  3,
  3,
  3,
  9,
  9,
  9,
  9,
  9,
  9,
  9,
  9,
  9,
  9,
  9,
  9,
  9,
  9,
  9,
  9,
  9,
  9,
  9,
  9,
  11,
  11,
  11,
  11,
  11,
  11,
  11,
  11,
  11,
  11,
  11,
  11,
  11,
  11,
  11,
  11,
  11,
  11,
  11,
  11,
  6,
  6,
  6,
  6,
  6,
  6,
  6,
  6,
  6,
]
`;

exports[`adaptiveProfile golden regressions: ranges > multiplication tables > golden multiplication tables at skill 75 1`] = `
[
  5,
  5,
  5,
  5,
  4,
  4,
  4,
  4,
  4,
  4,
  4,
  4,
  4,
  4,
  4,
  4,
  4,
  4,
  4,
  4,
  4,
  4,
  4,
  4,
  3,
  3,
  3,
  3,
  3,
  3,
  3,
  3,
  3,
  3,
  3,
  3,
  3,
  3,
  3,
  3,
  3,
  3,
  3,
  3,
  9,
  9,
  9,
  9,
  9,
  9,
  9,
  9,
  9,
  9,
  9,
  9,
  9,
  9,
  9,
  9,
  9,
  9,
  9,
  9,
  11,
  11,
  11,
  11,
  11,
  11,
  11,
  11,
  11,
  11,
  11,
  11,
  11,
  11,
  11,
  11,
  11,
  11,
  11,
  11,
  6,
  6,
  6,
  6,
  6,
  6,
  6,
  6,
  6,
  6,
  6,
  6,
  6,
  6,
  6,
  6,
  6,
  6,
  6,
  6,
  8,
  8,
  8,
  8,
  8,
  8,
  8,
  8,
  8,
  8,
  8,
  8,
  8,
  8,
  8,
  8,
  8,
  8,
  8,
  8,
  7,
  7,
  7,
  7,
  7,
  7,
  7,
  7,
  7,
  7,
  7,
  7,
  7,
  7,
  7,
  7,
  7,
  7,
  7,
  7,
  12,
  12,
  12,
  12,
  12,
]
`;

exports[`adaptiveProfile golden regressions: ranges > multiplication tables > golden multiplication tables at skill 100 1`] = `
[
  9,
  9,
  9,
  9,
  9,
  9,
  9,
  9,
  9,
  9,
  9,
  9,
  9,
  9,
  11,
  11,
  11,
  11,
  11,
  11,
  11,
  11,
  11,
  11,
  11,
  11,
  11,
  11,
  11,
  11,
  11,
  11,
  11,
  11,
  6,
  6,
  6,
  6,
  6,
  6,
  6,
  6,
  6,
  6,
  6,
  6,
  6,
  6,
  6,
  6,
  6,
  6,
  6,
  6,
  8,
  8,
  8,
  8,
  8,
  8,
  8,
  8,
  8,
  8,
  8,
  8,
  8,
  8,
  8,
  8,
  8,
  8,
  8,
  8,
  7,
  7,
  7,
  7,
  7,
  7,
  7,
  7,
  7,
  7,
  7,
  7,
  7,
  7,
  7,
  7,
  7,
  7,
  7,
  7,
  12,
  12,
  12,
  12,
  12,
  12,
  12,
  12,
  12,
  12,
  12,
  12,
  12,
  12,
  12,
  12,
  12,
  12,
  12,
  12,
  13,
  13,
  13,
  13,
  13,
  13,
  13,
  13,
  13,
  13,
  13,
  13,
  13,
  13,
  13,
  13,
  13,
  13,
  13,
  13,
  14,
  14,
  14,
  14,
  14,
  14,
  14,
  14,
  14,
  14,
  14,
  14,
  14,
  14,
  14,
  14,
  14,
  14,
  14,
  14,
]
`;
